..\Source
..\Source\BoldAwareGUI
..\Source\BoldAwareGUI\BoldControls
..\Source\BoldAwareGUI\BoldDevex
..\Source\BoldAwareGUI\ControlPacks
..\Source\BoldAwareGUI\Core
..\Source\BoldAwareGUI\FormGen
..\Source\BoldAwareGUI\IDE
..\Source\BoldQAwareGUI
..\Source\BoldQAwareGUI\BoldControls
..\Source\BoldQAwareGUI\ControlPacks
..\Source\BoldQAwareGUI\Core
..\Source\ClientGuiCom
..\Source\ClientGuiCom\BoldControls
..\Source\ClientGuiCom\ControlPacks
..\Source\ClientGuiCom\Core
..\Source\ClientGuiCom\IDE
..\Source\ClientHandlesCom
..\Source\ClientHandlesCom\Core
..\Source\ClientHandlesCom\IDE
..\Source\Common
..\Source\Common\COM
..\Source\Common\Connection
..\Source\Common\ConnectionCOM
..\Source\Common\ConnectionHandles
..\Source\Common\ConnectionHandlesCOM
..\Source\Common\Core
..\Source\Common\Environment
..\Source\Common\HTTP
..\Source\Common\IDE
..\Source\Common\IDECOM
..\Source\Common\Include
..\Source\Common\Logging
..\Source\Common\MSXML
..\Source\Common\Queue
..\Source\Common\Rose2000
..\Source\Common\Rose98
..\Source\Common\SOAP
..\Source\Common\Subscription
..\Source\Common\Stubs
..\Source\Common\Support
..\Source\Common\SupportWin
..\Source\Common\TaggedValues
..\Source\Common\Template
..\Source\Common\UML
..\Source\Common\UtilsGUI
..\Source\ConcurrencyControl
..\Source\ConcurrencyControl\COM
..\Source\ConcurrencyControl\Common
..\Source\ConcurrencyControl\IDECOM
..\Source\Extensions
..\Source\Extensions\OLLE
..\Source\Extensions\OLLE\Core
..\Source\Extensions\OLLE\IDE
..\Source\FreestandingValueSpace
..\Source\FreestandingValueSpace\Core
..\Source\Handles
..\Source\Handles\Actions
..\Source\Handles\COM
..\Source\Handles\Core
..\Source\Handles\IDE
..\Source\Handles\IDECOM
..\Source\Handles\Manipulators
..\Source\Handles\PessimisticLocking
..\Source\Handles\UnLoader
..\Source\Handles\XML
..\Source\Model
..\Source\MoldModel
..\Source\MoldModel\Bld
..\Source\MoldModel\CodeGenerator
..\Source\MoldModel\Core
..\Source\MoldModel\Handles
..\Source\MoldModel\IDE
..\Source\MoldModel\TypeNameDictionary
..\Source\MoldModel\UtilsGUI
..\Source\ObjectSpace
..\Source\ObjectSpace\BORepresentation
..\Source\ObjectSpace\COM
..\Source\ObjectSpace\Core
..\Source\ObjectSpace\IDE
..\Source\ObjectSpace\IDE\AttributeWizard
..\Source\ObjectSpace\Interfaces
..\Source\ObjectSpace\Ocl
..\Source\ObjectSpace\PessimisticLocking
..\Source\ObjectSpace\RTModel
..\Source\ObjectSpace\Undo
..\Source\ObjectSpace\Unloader
..\Source\ObjectSpace\UtilsGUI
..\Source\Persistence
..\Source\Persistence\COM
..\Source\Persistence\Core
..\Source\Persistence\DB
..\Source\Persistence\DBISAM
..\Source\Persistence\DOA
..\Source\Persistence\ExternalPersistence
..\Source\Persistence\File
..\Source\Persistence\FireDAC
..\Source\Persistence\HTTP
..\Source\Persistence\IDE
..\Source\Persistence\IDECOM
..\Source\Persistence\IDEUDP
..\Source\Persistence\ObjectUpgrading
..\Source\Persistence\Propagation
..\Source\Persistence\SOAP
..\Source\Persistence\System
..\Source\Persistence\UDPPropagator
..\Source\Persistence\UniDAC
..\Source\PMapper
..\Source\PMapper\Core
..\Source\PMapper\DBEvolutor
..\Source\PMapper\Default
..\Source\PMapper\SQL
..\Source\PMapper\Validator
..\Source\Propagator
..\Source\Propagator\COM
..\Source\Propagator\Common
..\Source\Propagator\Enterprise
..\Source\Propagator\IDECOM
..\Source\Propagator\LowEnd
..\Source\Samples
..\Source\Samples\Actions
..\Source\Samples\BoldCheckListBox
..\Source\Samples\ConstraintValidator
..\Source\Samples\FormSaver
..\Source\Samples\IDE
..\Source\Samples\Misc
..\Source\Samples\ModelLoader
..\Source\Samples\NewObjectInterceptor
..\Source\Samples\SortingGrid
..\Source\Samples\SystemComparer
..\Source\Samples\SystemDebugger
..\Source\Samples\UMLPlugins
..\Source\Samples\Unicode
..\Source\UMLModel
..\Source\UMLModel\Core
..\Source\UMLModel\Editor
..\Source\UMLModel\Handles
..\Source\UMLModel\IDE
..\Source\UMLModel\ModelLinks
..\Source\UMLModel\ModelLinks\Core
..\Source\UMLModel\ModelLinks\ModelMaker
..\Source\UMLModel\ModelLinks\ModelMaker\Link
..\Source\UMLModel\ModelLinks\ModelMaker\MMPlugin
..\Source\UMLModel\ModelLinks\ModelMaker\Support
..\Source\UMLModel\ModelLinks\Rose98
..\Source\UMLModel\ModelLinks\XMI
..\Source\UMLModel\Plugins
..\Source\Unassigned
..\Source\Unassigned\Asta
..\Source\Unassigned\AutoInc
..\Source\Unassigned\BDEUtils
..\Source\Unassigned\BDEUtils\UtilsGuiBde
..\Source\Unassigned\dbvalidate
..\Source\Unassigned\patches
..\Source\Unassigned\UMLPlugins
..\Source\ValueSpace
..\Source\ValueSpace\Condition
..\Source\ValueSpace\ExternalEvents
..\Source\ValueSpace\Id
..\Source\ValueSpace\Interfaces
..\Source\ValueSpace\XMLStreaming
