BoldAFP
BoldAFPCxGridProviderUnit
BoldAFPDefault
BoldAFPPluggable
BoldAFPPluggableReg
BoldAFPUser
BoldAbout
BoldAbstractComClientPersistenceHandles
BoldAbstractComPersistenceControllerProxy
BoldAbstractDatabaseAdapter
BoldAbstractDequeuer
BoldAbstractExternalPersistenceController
BoldAbstractExternalPersistenceHandle
BoldAbstractListHandle
BoldAbstractListHandleCom
BoldAbstractLockManagerAdminHandle
BoldAbstractLockManagerHandle
BoldAbstractModel
BoldAbstractModificationPropagator
BoldAbstractObjectUpgrader
BoldAbstractObjectUpgraderHandle
BoldAbstractOutputQueueHandler
BoldAbstractPartiallyExternalPC
BoldAbstractPartiallyExternalPH
BoldAbstractPersistenceHandleDB
BoldAbstractPropagatorHandle
BoldAbstractPropertyEditors
BoldAbstractSnooper
BoldAccessStats
BoldAction
BoldActionDefs
BoldActions
BoldAdvancedPropagator
BoldAdvancedPropagatorCOM
BoldAggeregates
BoldAliasDialog
BoldAliasUtils
BoldApartmentThread
BoldAppEventsRestorer
BoldAstaInterfaces
BoldAttributeAutoInc
BoldAttributeWideString
BoldAttributeWizard
BoldAttributes
BoldAwareGuiComReg
BoldAwareGuiReg
BoldBase
BoldBase64
BoldBatchUpgrader
BoldBld
BoldBlobTextMapper
BoldBootIDE
BoldCOMPropertyEditors
BoldCaptionController
BoldCaptionControllerCom
BoldCheckBox
BoldCheckBoxCom
BoldCheckListBox
BoldCheckListBoxReg
BoldCheckboxStateControlPack
BoldCheckboxStateControlPackCom
BoldClassSubscriber
BoldClassSubscriberReg
BoldClient
BoldClientElementSupport
BoldClientHandler
BoldClientHandlerCOM
BoldClientHandlerExportHandle
BoldClientHandles
BoldClientNotifierHandler
BoldClientQueue
BoldCodePlugins
BoldCollections
BoldComAdapter
BoldComClient
BoldComClientHandles
BoldComConnection
BoldComConst
BoldComEditors
BoldComElementHandleReg
BoldComEventQueue
BoldComHandlesConst
BoldComObj
BoldComObjectSpace
BoldComObjectSpaceAdapters
BoldComObjectSpace_TLB
BoldComPersistenceHandleReg
BoldComReg
BoldComServ
BoldComServer
BoldComServerElementHandleFactory
BoldComServerElementHandles
BoldComServerHandles
BoldComServiceRegister
BoldComThreads
BoldComUtils
BoldComboBox
BoldComboBoxCom
BoldComboBoxPropertyEditors
BoldCommonBitmaps
BoldComponentValidator
BoldComponentValidatorCom
BoldComponentValidatorIDE
BoldConcurrencyControlReg
BoldCondition
BoldConstraintValidator
BoldConstraintValidatorReg
BoldContainers
BoldControlPack
BoldControlPackCom
BoldControlPackDefs
BoldControlPackPropertyEditors
BoldControllerListControlPack
BoldControllerListControlPackCom
BoldControlsDefs
BoldCoreConsts
BoldCursorGuard
BoldCursorHandle
BoldCursorHandleCom
BoldCustomBlobMapper
BoldCustomCheckListBox
BoldDBActions
BoldDBISAMInterfaces
BoldDBInterfaces
BoldDBQuery
BoldDOAInterfaces
BoldDTDParser
BoldDataBlock
BoldDataSet
BoldDataSetIP
BoldDataSetPropertyEditors
BoldDatabaseAdapterDBIsam
BoldDatabaseAdapterDOA
BoldDatabaseAdapterFireDAC
BoldDatabaseAdapterUniDAC
BoldDateTimeControlPack
BoldDateTimeControlPackCom
BoldDbCopy
BoldDbDataValidator
BoldDbEvolutor
BoldDbEvolutorForm
BoldDbEvolutorScript
BoldDbPlugins
BoldDbStructureValidator
BoldDbValidator
BoldDebugActions
BoldDefaultId
BoldDefaultStreamNames
BoldDefaultTaggedValues
BoldDefaultXMLStreaming
BoldDefs
BoldDefsDT
BoldDerivationExpressionsEditor
BoldDerivationExpressionsEditorCx
BoldDerivationExpressionsSelectorCx
BoldDerivedHandle
BoldDerivedHandleCom
BoldDerivedValueSet
BoldDeriver
BoldDirectoryTraverser
BoldDomainElement
BoldDragDropTarget
BoldDragDropTargetCom
BoldDragObject
BoldEdit
BoldEditCom
BoldEditOCLAction
BoldEditOCLActionPropEditor
BoldElementHandleFollower
BoldElementHandleFollowerCom
BoldElementList
BoldElements
BoldEnqueuer
BoldEnqueuerCOM
BoldEnqueuerExportHandle
BoldEnvironment
BoldEnvironmentAllowBothUseVCL
BoldEnvironmentIDE
BoldEnvironmentVCL
BoldEventQueue
BoldEvolutionAliasDialog
BoldExceptionHandlers
BoldExceptionHandlersCom
BoldExpert
BoldExpertMenus
BoldExpressionHandle
BoldExpressionHandleCom
BoldExpressionSubscriber
BoldExpressionSubscriberReg
BoldExternalObjectSpaceEventHandler
BoldExternalObjectSpaceEventHandlerReg
BoldExternalPersistenceConfigItemDataSet
BoldExternalPersistenceControllerConfig
BoldExternalPersistenceControllerDataSet
BoldExternalPersistenceControllerEventDriven
BoldExternalPersistenceControllerSQL
BoldExternalPersistenceHandleDataSet
BoldExternalPersistenceHandleEventDriven
BoldExternalPersistenceHandleSQL
BoldExternalPersistenceHandleSQLPropEditor
BoldExternalPersistenceHandlesReg
BoldExternalPersistenceSupport
BoldExternalizedReferences
BoldFileHandler
BoldFileLogger
BoldFilteredHandle
BoldFireDACConsts
BoldFireDACInterfaces
BoldFloatControlPack
BoldFloatControlPackCom
BoldFormSaver
BoldFormSaverActions
BoldFreeStandingValueFactories
BoldFreeStandingValues
BoldGUI
BoldGUIDUtils
BoldGen
BoldGeneratedCodeDictionary
BoldGeneratorTemplates
BoldGeneratorTemplatesCPP
BoldGeneratorTemplatesDelphi
BoldGenericListControlPack
BoldGenericListControlPackCom
BoldGettingStartedExpert
BoldGettingStartedForm
BoldGlobalId
BoldGrid
BoldGridCom
BoldGridPropertyEditors
BoldGridPropertyEditorsCom
BoldGridRTColEditor
BoldGridRTColEditorCom
BoldGuard
BoldGuiResourceStrings
BoldGuiResourceStringsCom
BoldHTTPClientPersistenceHandle
BoldHTTPClientPersistenceHandleReg
BoldHTTPPersistenceControllerClient
BoldHTTPServerPersistenceHandlePassthrough
BoldHTTPServerPersistenceHandlePassthroughReg
BoldHandle
BoldHandleAction
BoldHandleComReg
BoldHandlePropEditor
BoldHandleReg
BoldHandles
BoldHandlesCom
BoldHandlesPropagationReg
BoldHashIndexes
BoldIDAdder
BoldIDAdderHandle
BoldIDCompressor
BoldIDEConsts
BoldIDEMenus
BoldIDESupport
BoldId
BoldImage
BoldImageBitmap
BoldImageBitmapCom
BoldImageCom
BoldImageJPEG
BoldImageJPEGCom
BoldIndex
BoldIndexCollection
BoldIndexList
BoldIndexableList
BoldIndexableLoadedObjectsHandle
BoldIndexableLoadedObjectsList
BoldIndexedList
BoldInstallation
BoldIsoDateTime
BoldJSONWriter
BoldLabel
BoldLabelCom
BoldLicenseTextForm
BoldLinks
BoldLinuxWinCompatibility
BoldListActions
BoldListBox
BoldListBoxCom
BoldListControlPack
BoldListControlPackCom
BoldListHandle
BoldListHandleCom
BoldListHandleFollower
BoldListHandleFollowerCom
BoldListListControlPack
BoldListListControlPackCom
BoldListNodes
BoldListenerCOM
BoldListenerHandle
BoldListenerThread
BoldLockHandler
BoldLockHolder
BoldLockList
BoldLockManager
BoldLockManagerAdmin
BoldLockManagerAdminCOM
BoldLockManagerAdminExportHandle
BoldLockManagerAdminHandleCom
BoldLockManagerCOM
BoldLockManagerExportHandle
BoldLockManagerHandleCom
BoldLockRegions
BoldLockUtils
BoldLockingDefs
BoldLockingHandles
BoldLockingReg
BoldLockingSupportInterfaces_TLB
BoldLogForm
BoldLogHandler
BoldLogHandlerForm
BoldLogHandlerSimple
BoldLogReceiverInterface
BoldLoggableCriticalSection
BoldLowEndPropagatorClasses
BoldLowEndPropagatorMainForm
BoldMD5
BoldMLAttributes
BoldMLRenderers
BoldMMExpert
BoldMMImporter
BoldMMLinkReg
BoldMMPlugin_TLB
BoldMMTVDefGen
BoldMMTVDefGenGUI
BoldMMTVDefs
BoldMMTVEditor
BoldMMTVMemo
BoldMOFInterfaces
BoldManipulatorReg
BoldManipulators
BoldMappingInfo
BoldMemberTypeDictionary
BoldMemo
BoldMemoCom
BoldMemoryManager
BoldMeta
BoldMetaElementList
BoldMetaSupport
BoldModel
BoldModelAwareComponentEditor
BoldModelLoader
BoldModelMaker_TLB
BoldModelOCLValidatorPlugIn
BoldModelReg
BoldModelSencha
BoldNameExpander
BoldNamedValueList
BoldNavigator
BoldNavigatorCom
BoldNavigatorDefs
BoldNewObjectInterceptor
BoldNodeControlPack
BoldNodeControlPackCom
BoldNodeDescriptionEditor
BoldNumericControlPack
BoldNumericControlPackCom
BoldOCLExplorer
BoldOCLGraphicRTDebug
BoldOLLEController
BoldOLLEDistributableObjectHandlers
BoldOLLEHandles
BoldOLLEHandlesComponentEditor
BoldOLLEHandlesReg
BoldOLLEdmmain
BoldORed
BoldOTACodeGen
BoldOTAFileHandler
BoldOTASupport
BoldObjectListControllers
BoldObjectMarshaler
BoldObjectNamePropertyEditor
BoldObjectRepresentationJson
BoldObjectRetriever
BoldObjectSpaceExternalEvents
BoldObjectSpaceLists
BoldObjectUpgrader
BoldObjectUpgraderHandle
BoldObjectUpgraderHandleReg
BoldOcl
BoldOclClasses
BoldOclError
BoldOclEvaluator
BoldOclLightWeightNodeMaker
BoldOclLightWeightNodes
BoldOclPropEditor
BoldOclRTDebug
BoldOclRepository
BoldOclSemantics
BoldOclSymbolImplementations
BoldOclSymbolLister
BoldOclVariables
BoldOptimisticLockingSupport
BoldOracleBDEInterfaces
BoldOutputQueueHandler
BoldPMAutoInc
BoldPMWideString
BoldPMapper
BoldPMapperLists
BoldPMappers
BoldPMappersAttributeDefault
BoldPMappersCompressed
BoldPMappersDefault
BoldPMappersLinkDefault
BoldPMappersSQL
BoldPSDescriptions
BoldPSDescriptionsDefault
BoldPSDescriptionsSQL
BoldPSParams
BoldPSParamsDefault
BoldPSParamsSQL
BoldPageControl
BoldPageControlCom
BoldPerformanceCounter
BoldPerformanceStub
BoldPersistenceController
BoldPersistenceControllerDefault
BoldPersistenceControllerPassthrough
BoldPersistenceControllerSOAPAdapterCore
BoldPersistenceControllerSystem
BoldPersistenceHandle
BoldPersistenceHandleAsta
BoldPersistenceHandleAstaReg
BoldPersistenceHandleDB
BoldPersistenceHandleDBISAM
BoldPersistenceHandleDBISAMReg
BoldPersistenceHandleDB_deprecated
BoldPersistenceHandleDBreg
BoldPersistenceHandleDOA
BoldPersistenceHandleDOAReg
BoldPersistenceHandleFile
BoldPersistenceHandleFileReg
BoldPersistenceHandleFileXML
BoldPersistenceHandleFireDACReg
BoldPersistenceHandlePTWithModel
BoldPersistenceHandlePassthrough
BoldPersistenceHandleReg
BoldPersistenceHandleSystem
BoldPersistenceHandleSystemReg
BoldPersistenceHandleUniDAC
BoldPersistenceHandleUniDACReg
BoldPersistenceNotifier
BoldPersistenceNotifierReg
BoldPersistenceOperationXMLStreaming
BoldPlaceableListSubscriber
BoldPlaceableSubscriber
BoldPlaceableSubscriberCom
BoldPriorityListEnlister
BoldPriorityQueue
BoldProgressBar
BoldProgressBarCom
BoldPropagatorApplication
BoldPropagatorCleanup
BoldPropagatorConstants
BoldPropagatorGUIDs
BoldPropagatorHandleCOM
BoldPropagatorHandleCOMReg
BoldPropagatorInterfaces_TLB
BoldPropagatorMainForm
BoldPropagatorServer
BoldPropagatorSubscriptions
BoldPropagatorUIManager
BoldPropagatorUtils
BoldPropertiesController
BoldPropertiesControllerCom
BoldPropertiesControllerPropertyEditors
BoldPropertiesControllerPropertyEditorsCom
BoldPropertyEditors
BoldPropertyMapper
BoldPropertyMappingPropertyEditors
BoldQControlPack
BoldQEdit
BoldQElementHandleFollower
BoldQGUI
BoldQLabel
BoldQStringControlPack
BoldQueryAliasDialog
BoldQueryUserDlg
BoldQueue
BoldRawSQLHandle
BoldReferenceHandle
BoldReferenceHandleCom
BoldReg
BoldRegionDefinitionParser
BoldRegionDefinitions
BoldRegistry
BoldRegularExpression
BoldRev
BoldRichEdit
BoldRichEditCom
BoldRootedHandles
BoldRootedHandlesCom
BoldRose2000Support
BoldRose98Support
BoldRose98TaggedValues
BoldRose98ptyCreator
BoldSOAP2_TLB
BoldSOAPClientPersistenceHandles
BoldSOAPPersistenceControllerProxy
BoldSOAPPersistenceControllerStub
BoldSOAPServerPersistenceHandles
BoldSOAP_TLB
BoldSQLDatabaseConfig
BoldSQLExecuter
BoldSQLHandle
BoldSQLHandleCom
BoldSQLMappingInfo
BoldSQLQuery
BoldSSExcept
BoldSSLexU
BoldSSYaccU
BoldSamplesReg
BoldSelectionListBox
BoldSelectionListBoxReg
BoldServer
BoldServerHandles
BoldServerHandlesDataMod
BoldServicePropagatorUnit
BoldSharedStrings
BoldSmallLogFrame
BoldSnooper
BoldSnooperHandle
BoldSortedHandle
BoldSorter
BoldSortingGrid
BoldSpanFetch
BoldSpanFetchManager
BoldSqlNodeMaker
BoldSqlNodes
BoldSqlNodesResolver
BoldSqlQueryGenerator
BoldSqlSymbols
BoldStreams
BoldStringControlPack
BoldStringControlPackCom
BoldStringId
BoldStringList
BoldStringsPropertyController
BoldStringsPropertyControllerCom
BoldStubDefs
BoldStubs
BoldSubscribableCollection
BoldSubscription
BoldSubscriptionHandler
BoldSupportConst
BoldSynchronizationUtils
BoldSystem
BoldSystemComparer
BoldSystemCopy
BoldSystemDebuggerForm
BoldSystemHandle
BoldSystemHandleCom
BoldSystemMerger
BoldSystemOldValuehandler
BoldSystemPerf
BoldSystemPersistenceHandler
BoldSystemRT
BoldTaggedValueList
BoldTaggedValueSupport
BoldTemplate
BoldTemplateExpander
BoldTextStream
BoldThread
BoldThreadSafeLog
BoldThreadSafeQueue
BoldThreadedComObjectFactory
BoldToCxConverterForm
BoldToCxConverterUnit
BoldToCxGridConverterUnit
BoldToolsReg
BoldTraceLog
BoldTrackBar
BoldTrackBarCom
BoldTreeView
BoldTreeViewCom
BoldTreeViewConfig
BoldTreeViewConfigCom
BoldTypeList
BoldTypeNameDictionary
BoldTypeNameEditor
BoldTypeNameHandle
BoldTypeNameHandleReg
BoldTypeNameSelector
BoldUDPBroadcasterReg
BoldUDPModificationBroadcaster
BoldUMLAbstractModelValidator
BoldUMLAddTV
BoldUMLAssociationEditor
BoldUMLAttributeEditor
BoldUMLAttributes
BoldUMLBldLink
BoldUMLConstraintEditor
BoldUMLConstraintEditorCx
BoldUMLDTDData
BoldUMLDelphiSupport
BoldUMLMMLink
BoldUMLModel
BoldUMLModelConverter
BoldUMLModelDataModule
BoldUMLModelEdit
BoldUMLModelEditForm
BoldUMLModelEditFormCx
BoldUMLModelEditPlugIn
BoldUMLModelEditReg
BoldUMLModelEditorDebuggerPlugin
BoldUMLModelEditorHandlesDataModule
BoldUMLModelHandleReg
BoldUMLModelLink
BoldUMLModelLinkSupport
BoldUMLModelMOFAdapters
BoldUMLModelPersistenceDataModule
BoldUMLModelStreamer
BoldUMLModelSupport
BoldUMLModelToEcoIIIGenerator
BoldUMLModelUpdater
BoldUMLModelValidationForm
BoldUMLModelValidationFormCx
BoldUMLModelValidator
BoldUMLNameTrimmer
BoldUMLOCLEditor
BoldUMLOCLValidator
BoldUMLOperationEditor
BoldUMLOperationParamEditor
BoldUMLPluginCallBacks
BoldUMLPlugins
BoldUMLQualifierEditor
BoldUMLRose98Link
BoldUMLRose98Linkreg
BoldUMLRose98MappingUtils
BoldUMLRose98Support
BoldUMLTaggedValues
BoldUMLTaggedValuesEditor
BoldUMLTaggedValuesEditorCx
BoldUMLTypes
BoldUMLUsesEditorForm
BoldUMLUtils
BoldUMLXMICommon
BoldUMLXMIImporter
BoldUMLXMILink
BoldUMLXMILinkSupport
BoldUMXMILinkreg
BoldURI
BoldUndoActions
BoldUndoForm
BoldUndoHandler
BoldUndoInterfaces
BoldUniDACInterfaces
BoldUnloader
BoldUnloaderHandle
BoldUpdatePrecondition
BoldUtils
BoldValueInterfaces
BoldValueSpaceInterfaces
BoldVariableDefinition
BoldVariableDefinitionCom
BoldVariableHandle
BoldVariableHandleCom
BoldVariantControlPack
BoldVclUtils
BoldViewerControlPack
BoldViewerControlPackCom
BoldVisualizer
BoldWAClassInfo
BoldWACustomAttr
BoldWACustomAttrForm1
BoldWAInputFormUnit
BoldWAInterfaces
BoldWAMainForm
BoldWAMethodInfo
BoldWAStringGridManager
BoldWASubClassForm1
BoldWAValueSetDlg
BoldWAValueSetForm1
BoldWAdatamodule
BoldWAdmTemplates
BoldWCodeInformer
BoldWProjectWizard
BoldWScanner
BoldWSimpleMenuWizard
BoldWebConnection
BoldWebConnectionReg
BoldWideStringControlPack
BoldWideStringInterface
BoldWinINet
BoldWinUtils
BoldXCVTreeView
BoldXCVTreeViewCom
BoldXMI10Exporter
BoldXMLDispatcher
BoldXMLDispatcherEditor
BoldXMLDispatcherReg
BoldXMLDispatcherVB
BoldXMLDispatcherVBReg
BoldXMLProducers
BoldXMLReg
BoldXMLRequests
BoldXMLStreaming
Bold_MSXML_TLB
ComHandlesConst
DBISAMConsts
DOAConsts
DistributableInfo
ExPeConsts
FreeStandingValuesConst
MSXML2_TLB
MultiUnitCodeGenPatch
OCLEditorPatch
OlleConsts
PersistenceConsts
PropagatorConsts
RationalRose2000_TLB
RationalRose98_TLB
RationalRose_TLB
UMLConsts
UniDACConsts
ValueSpaceConst
WinStuff
cxBoldEditConsts
cxBoldEditRepositoryItems
cxBoldEditors
cxBoldExtLookupComboBox
cxBoldLookupComboBox
cxBoldLookupEdit
cxBoldRegUnit
cxGridBoldSupportUnit
cxLookupBoldGrid
dxBarBoldNav
